Archive member included to satisfy reference by file (symbol)

c:/st/stm32cubeide_1.8.0/stm32cubeide/plugins/com.st.stm32cube.ide.mcu.externaltools.gnu-tools-for-stm32.9-2020-q2-update.win32_2.0.0.202105311346/tools/bin/../lib/gcc/arm-none-eabi/9.3.1/../../../../arm-none-eabi/lib/thumb/v7e-m+fp/hard\libc_nano.a(lib_a-errno.o)
                              ./Src/syscalls.o (__errno)
c:/st/stm32cubeide_1.8.0/stm32cubeide/plugins/com.st.stm32cube.ide.mcu.externaltools.gnu-tools-for-stm32.9-2020-q2-update.win32_2.0.0.202105311346/tools/bin/../lib/gcc/arm-none-eabi/9.3.1/../../../../arm-none-eabi/lib/thumb/v7e-m+fp/hard\libc_nano.a(lib_a-exit.o)
                              c:/st/stm32cubeide_1.8.0/stm32cubeide/plugins/com.st.stm32cube.ide.mcu.externaltools.gnu-tools-for-stm32.9-2020-q2-update.win32_2.0.0.202105311346/tools/bin/../lib/gcc/arm-none-eabi/9.3.1/../../../../arm-none-eabi/lib/thumb/v7e-m+fp/hard/crt0.o (exit)
c:/st/stm32cubeide_1.8.0/stm32cubeide/plugins/com.st.stm32cube.ide.mcu.externaltools.gnu-tools-for-stm32.9-2020-q2-update.win32_2.0.0.202105311346/tools/bin/../lib/gcc/arm-none-eabi/9.3.1/../../../../arm-none-eabi/lib/thumb/v7e-m+fp/hard\libc_nano.a(lib_a-impure.o)
                              c:/st/stm32cubeide_1.8.0/stm32cubeide/plugins/com.st.stm32cube.ide.mcu.externaltools.gnu-tools-for-stm32.9-2020-q2-update.win32_2.0.0.202105311346/tools/bin/../lib/gcc/arm-none-eabi/9.3.1/../../../../arm-none-eabi/lib/thumb/v7e-m+fp/hard\libc_nano.a(lib_a-exit.o) (_global_impure_ptr)
c:/st/stm32cubeide_1.8.0/stm32cubeide/plugins/com.st.stm32cube.ide.mcu.externaltools.gnu-tools-for-stm32.9-2020-q2-update.win32_2.0.0.202105311346/tools/bin/../lib/gcc/arm-none-eabi/9.3.1/../../../../arm-none-eabi/lib/thumb/v7e-m+fp/hard\libc_nano.a(lib_a-init.o)
                              c:/st/stm32cubeide_1.8.0/stm32cubeide/plugins/com.st.stm32cube.ide.mcu.externaltools.gnu-tools-for-stm32.9-2020-q2-update.win32_2.0.0.202105311346/tools/bin/../lib/gcc/arm-none-eabi/9.3.1/../../../../arm-none-eabi/lib/thumb/v7e-m+fp/hard/crt0.o (__libc_init_array)
c:/st/stm32cubeide_1.8.0/stm32cubeide/plugins/com.st.stm32cube.ide.mcu.externaltools.gnu-tools-for-stm32.9-2020-q2-update.win32_2.0.0.202105311346/tools/bin/../lib/gcc/arm-none-eabi/9.3.1/../../../../arm-none-eabi/lib/thumb/v7e-m+fp/hard\libc_nano.a(lib_a-memset.o)
                              c:/st/stm32cubeide_1.8.0/stm32cubeide/plugins/com.st.stm32cube.ide.mcu.externaltools.gnu-tools-for-stm32.9-2020-q2-update.win32_2.0.0.202105311346/tools/bin/../lib/gcc/arm-none-eabi/9.3.1/../../../../arm-none-eabi/lib/thumb/v7e-m+fp/hard/crt0.o (memset)

Discarded input sections

 .text          0x0000000000000000        0x0 c:/st/stm32cubeide_1.8.0/stm32cubeide/plugins/com.st.stm32cube.ide.mcu.externaltools.gnu-tools-for-stm32.9-2020-q2-update.win32_2.0.0.202105311346/tools/bin/../lib/gcc/arm-none-eabi/9.3.1/thumb/v7e-m+fp/hard/crti.o
 .data          0x0000000000000000        0x0 c:/st/stm32cubeide_1.8.0/stm32cubeide/plugins/com.st.stm32cube.ide.mcu.externaltools.gnu-tools-for-stm32.9-2020-q2-update.win32_2.0.0.202105311346/tools/bin/../lib/gcc/arm-none-eabi/9.3.1/thumb/v7e-m+fp/hard/crti.o
 .bss           0x0000000000000000        0x0 c:/st/stm32cubeide_1.8.0/stm32cubeide/plugins/com.st.stm32cube.ide.mcu.externaltools.gnu-tools-for-stm32.9-2020-q2-update.win32_2.0.0.202105311346/tools/bin/../lib/gcc/arm-none-eabi/9.3.1/thumb/v7e-m+fp/hard/crti.o
 .data          0x0000000000000000        0x4 c:/st/stm32cubeide_1.8.0/stm32cubeide/plugins/com.st.stm32cube.ide.mcu.externaltools.gnu-tools-for-stm32.9-2020-q2-update.win32_2.0.0.202105311346/tools/bin/../lib/gcc/arm-none-eabi/9.3.1/thumb/v7e-m+fp/hard/crtbegin.o
 .text          0x0000000000000000       0x7c c:/st/stm32cubeide_1.8.0/stm32cubeide/plugins/com.st.stm32cube.ide.mcu.externaltools.gnu-tools-for-stm32.9-2020-q2-update.win32_2.0.0.202105311346/tools/bin/../lib/gcc/arm-none-eabi/9.3.1/../../../../arm-none-eabi/lib/thumb/v7e-m+fp/hard/crt0.o
 .data          0x0000000000000000        0x0 c:/st/stm32cubeide_1.8.0/stm32cubeide/plugins/com.st.stm32cube.ide.mcu.externaltools.gnu-tools-for-stm32.9-2020-q2-update.win32_2.0.0.202105311346/tools/bin/../lib/gcc/arm-none-eabi/9.3.1/../../../../arm-none-eabi/lib/thumb/v7e-m+fp/hard/crt0.o
 .bss           0x0000000000000000        0x0 c:/st/stm32cubeide_1.8.0/stm32cubeide/plugins/com.st.stm32cube.ide.mcu.externaltools.gnu-tools-for-stm32.9-2020-q2-update.win32_2.0.0.202105311346/tools/bin/../lib/gcc/arm-none-eabi/9.3.1/../../../../arm-none-eabi/lib/thumb/v7e-m+fp/hard/crt0.o
 .ARM.extab     0x0000000000000000        0x0 c:/st/stm32cubeide_1.8.0/stm32cubeide/plugins/com.st.stm32cube.ide.mcu.externaltools.gnu-tools-for-stm32.9-2020-q2-update.win32_2.0.0.202105311346/tools/bin/../lib/gcc/arm-none-eabi/9.3.1/../../../../arm-none-eabi/lib/thumb/v7e-m+fp/hard/crt0.o
 .ARM.exidx     0x0000000000000000       0x10 c:/st/stm32cubeide_1.8.0/stm32cubeide/plugins/com.st.stm32cube.ide.mcu.externaltools.gnu-tools-for-stm32.9-2020-q2-update.win32_2.0.0.202105311346/tools/bin/../lib/gcc/arm-none-eabi/9.3.1/../../../../arm-none-eabi/lib/thumb/v7e-m+fp/hard/crt0.o
 .ARM.attributes
                0x0000000000000000       0x1c c:/st/stm32cubeide_1.8.0/stm32cubeide/plugins/com.st.stm32cube.ide.mcu.externaltools.gnu-tools-for-stm32.9-2020-q2-update.win32_2.0.0.202105311346/tools/bin/../lib/gcc/arm-none-eabi/9.3.1/../../../../arm-none-eabi/lib/thumb/v7e-m+fp/hard/crt0.o
 .group         0x0000000000000000        0xc ./Src/led_extbutton.o
 .group         0x0000000000000000        0xc ./Src/led_extbutton.o
 .group         0x0000000000000000        0xc ./Src/led_extbutton.o
 .group         0x0000000000000000        0xc ./Src/led_extbutton.o
 .group         0x0000000000000000        0xc ./Src/led_extbutton.o
 .group         0x0000000000000000        0xc ./Src/led_extbutton.o
 .group         0x0000000000000000        0xc ./Src/led_extbutton.o
 .group         0x0000000000000000        0xc ./Src/led_extbutton.o
 .group         0x0000000000000000        0xc ./Src/led_extbutton.o
 .group         0x0000000000000000        0xc ./Src/led_extbutton.o
 .group         0x0000000000000000        0xc ./Src/led_extbutton.o
 .group         0x0000000000000000        0xc ./Src/led_extbutton.o
 .group         0x0000000000000000        0xc ./Src/led_extbutton.o
 .group         0x0000000000000000        0xc ./Src/led_extbutton.o
 .group         0x0000000000000000        0xc ./Src/led_extbutton.o
 .group         0x0000000000000000        0xc ./Src/led_extbutton.o
 .group         0x0000000000000000        0xc ./Src/led_extbutton.o
 .group         0x0000000000000000        0xc ./Src/led_extbutton.o
 .group         0x0000000000000000        0xc ./Src/led_extbutton.o
 .group         0x0000000000000000        0xc ./Src/led_extbutton.o
 .group         0x0000000000000000        0xc ./Src/led_extbutton.o
 .group         0x0000000000000000        0xc ./Src/led_extbutton.o
 .group         0x0000000000000000        0xc ./Src/led_extbutton.o
 .group         0x0000000000000000        0xc ./Src/led_extbutton.o
 .group         0x0000000000000000        0xc ./Src/led_extbutton.o
 .group         0x0000000000000000        0xc ./Src/led_extbutton.o
 .group         0x0000000000000000        0xc ./Src/led_extbutton.o
 .group         0x0000000000000000        0xc ./Src/led_extbutton.o
 .group         0x0000000000000000        0xc ./Src/led_extbutton.o
 .text          0x0000000000000000        0x0 ./Src/led_extbutton.o
 .data          0x0000000000000000        0x0 ./Src/led_extbutton.o
 .bss           0x0000000000000000        0x0 ./Src/led_extbutton.o
 .group         0x0000000000000000        0xc ./Src/syscalls.o
 .group         0x0000000000000000        0xc ./Src/syscalls.o
 .group         0x0000000000000000        0xc ./Src/syscalls.o
 .group         0x0000000000000000        0xc ./Src/syscalls.o
 .group         0x0000000000000000        0xc ./Src/syscalls.o
 .group         0x0000000000000000        0xc ./Src/syscalls.o
 .group         0x0000000000000000        0xc ./Src/syscalls.o
 .group         0x0000000000000000        0xc ./Src/syscalls.o
 .group         0x0000000000000000        0xc ./Src/syscalls.o
 .group         0x0000000000000000        0xc ./Src/syscalls.o
 .group         0x0000000000000000        0xc ./Src/syscalls.o
 .group         0x0000000000000000        0xc ./Src/syscalls.o
 .group         0x0000000000000000        0xc ./Src/syscalls.o
 .group         0x0000000000000000        0xc ./Src/syscalls.o
 .group         0x0000000000000000        0xc ./Src/syscalls.o
 .group         0x0000000000000000        0xc ./Src/syscalls.o
 .group         0x0000000000000000        0xc ./Src/syscalls.o
 .group         0x0000000000000000        0xc ./Src/syscalls.o
 .group         0x0000000000000000        0xc ./Src/syscalls.o
 .group         0x0000000000000000        0xc ./Src/syscalls.o
 .group         0x0000000000000000        0xc ./Src/syscalls.o
 .group         0x0000000000000000        0xc ./Src/syscalls.o
 .group         0x0000000000000000        0xc ./Src/syscalls.o
 .group         0x0000000000000000        0xc ./Src/syscalls.o
 .group         0x0000000000000000        0xc ./Src/syscalls.o
 .group         0x0000000000000000        0xc ./Src/syscalls.o
 .group         0x0000000000000000        0xc ./Src/syscalls.o
 .group         0x0000000000000000        0xc ./Src/syscalls.o
 .group         0x0000000000000000        0xc ./Src/syscalls.o
 .group         0x0000000000000000        0xc ./Src/syscalls.o
 .group         0x0000000000000000        0xc ./Src/syscalls.o
 .group         0x0000000000000000        0xc ./Src/syscalls.o
 .group         0x0000000000000000        0xc ./Src/syscalls.o
 .group         0x0000000000000000        0xc ./Src/syscalls.o
 .group         0x0000000000000000        0xc ./Src/syscalls.o
 .group         0x0000000000000000        0xc ./Src/syscalls.o
 .group         0x0000000000000000        0xc ./Src/syscalls.o
 .group         0x0000000000000000        0xc ./Src/syscalls.o
 .group         0x0000000000000000        0xc ./Src/syscalls.o
 .group         0x0000000000000000        0xc ./Src/syscalls.o
 .group         0x0000000000000000        0xc ./Src/syscalls.o
 .group         0x0000000000000000        0xc ./Src/syscalls.o
 .group         0x0000000000000000        0xc ./Src/syscalls.o
 .group         0x0000000000000000        0xc ./Src/syscalls.o
 .group         0x0000000000000000        0xc ./Src/syscalls.o
 .group         0x0000000000000000        0xc ./Src/syscalls.o
 .group         0x0000000000000000        0xc ./Src/syscalls.o
 .text          0x0000000000000000        0x0 ./Src/syscalls.o
 .data          0x0000000000000000        0x0 ./Src/syscalls.o
 .bss           0x0000000000000000        0x0 ./Src/syscalls.o
 .bss.__env     0x0000000000000000        0x4 ./Src/syscalls.o
 .data.environ  0x0000000000000000        0x4 ./Src/syscalls.o
 .text.initialise_monitor_handles
                0x0000000000000000        0xe ./Src/syscalls.o
 .text._getpid  0x0000000000000000       0x10 ./Src/syscalls.o
 .text._kill    0x0000000000000000       0x20 ./Src/syscalls.o
 .text._exit    0x0000000000000000       0x14 ./Src/syscalls.o
 .text._read    0x0000000000000000       0x3a ./Src/syscalls.o
 .text._write   0x0000000000000000       0x38 ./Src/syscalls.o
 .text._close   0x0000000000000000       0x18 ./Src/syscalls.o
 .text._fstat   0x0000000000000000       0x20 ./Src/syscalls.o
 .text._isatty  0x0000000000000000       0x16 ./Src/syscalls.o
 .text._lseek   0x0000000000000000       0x1a ./Src/syscalls.o
 .text._open    0x0000000000000000       0x1c ./Src/syscalls.o
 .text._wait    0x0000000000000000       0x1e ./Src/syscalls.o
 .text._unlink  0x0000000000000000       0x1e ./Src/syscalls.o
 .text._times   0x0000000000000000       0x18 ./Src/syscalls.o
 .text._stat    0x0000000000000000       0x20 ./Src/syscalls.o
 .text._link    0x0000000000000000       0x20 ./Src/syscalls.o
 .text._fork    0x0000000000000000       0x16 ./Src/syscalls.o
 .text._execve  0x0000000000000000       0x22 ./Src/syscalls.o
 .debug_info    0x0000000000000000      0xfa8 ./Src/syscalls.o
 .debug_abbrev  0x0000000000000000      0x286 ./Src/syscalls.o
 .debug_aranges
                0x0000000000000000       0xa8 ./Src/syscalls.o
 .debug_ranges  0x0000000000000000       0x98 ./Src/syscalls.o
 .debug_macro   0x0000000000000000      0x24c ./Src/syscalls.o
 .debug_macro   0x0000000000000000      0xaae ./Src/syscalls.o
 .debug_macro   0x0000000000000000       0x22 ./Src/syscalls.o
 .debug_macro   0x0000000000000000       0x4c ./Src/syscalls.o
 .debug_macro   0x0000000000000000       0x18 ./Src/syscalls.o
 .debug_macro   0x0000000000000000       0x94 ./Src/syscalls.o
 .debug_macro   0x0000000000000000       0x3c ./Src/syscalls.o
 .debug_macro   0x0000000000000000       0x34 ./Src/syscalls.o
 .debug_macro   0x0000000000000000       0x57 ./Src/syscalls.o
 .debug_macro   0x0000000000000000      0x174 ./Src/syscalls.o
 .debug_macro   0x0000000000000000      0x339 ./Src/syscalls.o
 .debug_macro   0x0000000000000000       0x16 ./Src/syscalls.o
 .debug_macro   0x0000000000000000       0x43 ./Src/syscalls.o
 .debug_macro   0x0000000000000000       0x34 ./Src/syscalls.o
 .debug_macro   0x0000000000000000       0x10 ./Src/syscalls.o
 .debug_macro   0x0000000000000000       0x58 ./Src/syscalls.o
 .debug_macro   0x0000000000000000       0x71 ./Src/syscalls.o
 .debug_macro   0x0000000000000000       0x1c ./Src/syscalls.o
 .debug_macro   0x0000000000000000      0x12a ./Src/syscalls.o
 .debug_macro   0x0000000000000000       0x10 ./Src/syscalls.o
 .debug_macro   0x0000000000000000       0x35 ./Src/syscalls.o
 .debug_macro   0x0000000000000000       0x10 ./Src/syscalls.o
 .debug_macro   0x0000000000000000       0x10 ./Src/syscalls.o
 .debug_macro   0x0000000000000000       0x10 ./Src/syscalls.o
 .debug_macro   0x0000000000000000       0x6a ./Src/syscalls.o
 .debug_macro   0x0000000000000000       0x1c ./Src/syscalls.o
 .debug_macro   0x0000000000000000       0x52 ./Src/syscalls.o
 .debug_macro   0x0000000000000000       0x22 ./Src/syscalls.o
 .debug_macro   0x0000000000000000       0x10 ./Src/syscalls.o
 .debug_macro   0x0000000000000000       0x40 ./Src/syscalls.o
 .debug_macro   0x0000000000000000       0xd5 ./Src/syscalls.o
 .debug_macro   0x0000000000000000       0x1c ./Src/syscalls.o
 .debug_macro   0x0000000000000000       0x3d ./Src/syscalls.o
 .debug_macro   0x0000000000000000       0x35 ./Src/syscalls.o
 .debug_macro   0x0000000000000000      0x12c ./Src/syscalls.o
 .debug_macro   0x0000000000000000       0x16 ./Src/syscalls.o
 .debug_macro   0x0000000000000000       0x16 ./Src/syscalls.o
 .debug_macro   0x0000000000000000       0x29 ./Src/syscalls.o
 .debug_macro   0x0000000000000000       0x10 ./Src/syscalls.o
 .debug_macro   0x0000000000000000      0x241 ./Src/syscalls.o
 .debug_macro   0x0000000000000000       0x1c ./Src/syscalls.o
 .debug_macro   0x0000000000000000       0x10 ./Src/syscalls.o
 .debug_macro   0x0000000000000000       0x10 ./Src/syscalls.o
 .debug_macro   0x0000000000000000       0x16 ./Src/syscalls.o
 .debug_macro   0x0000000000000000      0x145 ./Src/syscalls.o
 .debug_macro   0x0000000000000000      0x189 ./Src/syscalls.o
 .debug_macro   0x0000000000000000       0x16 ./Src/syscalls.o
 .debug_macro   0x0000000000000000       0xce ./Src/syscalls.o
 .debug_line    0x0000000000000000      0x7fd ./Src/syscalls.o
 .debug_str     0x0000000000000000     0x8eb9 ./Src/syscalls.o
 .comment       0x0000000000000000       0x54 ./Src/syscalls.o
 .debug_frame   0x0000000000000000      0x2ac ./Src/syscalls.o
 .ARM.attributes
                0x0000000000000000       0x34 ./Src/syscalls.o
 .group         0x0000000000000000        0xc ./Src/sysmem.o
 .group         0x0000000000000000        0xc ./Src/sysmem.o
 .group         0x0000000000000000        0xc ./Src/sysmem.o
 .group         0x0000000000000000        0xc ./Src/sysmem.o
 .group         0x0000000000000000        0xc ./Src/sysmem.o
 .group         0x0000000000000000        0xc ./Src/sysmem.o
 .group         0x0000000000000000        0xc ./Src/sysmem.o
 .group         0x0000000000000000        0xc ./Src/sysmem.o
 .group         0x0000000000000000        0xc ./Src/sysmem.o
 .group         0x0000000000000000        0xc ./Src/sysmem.o
 .group         0x0000000000000000        0xc ./Src/sysmem.o
 .group         0x0000000000000000        0xc ./Src/sysmem.o
 .group         0x0000000000000000        0xc ./Src/sysmem.o
 .group         0x0000000000000000        0xc ./Src/sysmem.o
 .group         0x0000000000000000        0xc ./Src/sysmem.o
 .group         0x0000000000000000        0xc ./Src/sysmem.o
 .group         0x0000000000000000        0xc ./Src/sysmem.o
 .group         0x0000000000000000        0xc ./Src/sysmem.o
 .group         0x0000000000000000        0xc ./Src/sysmem.o
 .group         0x0000000000000000        0xc ./Src/sysmem.o
 .group         0x0000000000000000        0xc ./Src/sysmem.o
 .group         0x0000000000000000        0xc ./Src/sysmem.o
 .text          0x0000000000000000        0x0 ./Src/sysmem.o
 .data          0x0000000000000000        0x0 ./Src/sysmem.o
 .bss           0x0000000000000000        0x0 ./Src/sysmem.o
 .bss.__sbrk_heap_end
                0x0000000000000000        0x4 ./Src/sysmem.o
 .text._sbrk    0x0000000000000000       0x6c ./Src/sysmem.o
 .debug_info    0x0000000000000000      0xa25 ./Src/sysmem.o
 .debug_abbrev  0x0000000000000000      0x1bf ./Src/sysmem.o
 .debug_aranges
                0x0000000000000000       0x20 ./Src/sysmem.o
 .debug_ranges  0x0000000000000000       0x10 ./Src/sysmem.o
 .debug_macro   0x0000000000000000       0xff ./Src/sysmem.o
 .debug_macro   0x0000000000000000      0xaae ./Src/sysmem.o
 .debug_macro   0x0000000000000000       0x10 ./Src/sysmem.o
 .debug_macro   0x0000000000000000       0x22 ./Src/sysmem.o
 .debug_macro   0x0000000000000000       0x4c ./Src/sysmem.o
 .debug_macro   0x0000000000000000       0x18 ./Src/sysmem.o
 .debug_macro   0x0000000000000000       0x94 ./Src/sysmem.o
 .debug_macro   0x0000000000000000       0x3c ./Src/sysmem.o
 .debug_macro   0x0000000000000000       0x34 ./Src/sysmem.o
 .debug_macro   0x0000000000000000      0x174 ./Src/sysmem.o
 .debug_macro   0x0000000000000000       0x16 ./Src/sysmem.o
 .debug_macro   0x0000000000000000       0x43 ./Src/sysmem.o
 .debug_macro   0x0000000000000000       0x57 ./Src/sysmem.o
 .debug_macro   0x0000000000000000       0x34 ./Src/sysmem.o
 .debug_macro   0x0000000000000000       0x10 ./Src/sysmem.o
 .debug_macro   0x0000000000000000       0x58 ./Src/sysmem.o
 .debug_macro   0x0000000000000000       0x71 ./Src/sysmem.o
 .debug_macro   0x0000000000000000       0x1c ./Src/sysmem.o
 .debug_macro   0x0000000000000000      0x12a ./Src/sysmem.o
 .debug_macro   0x0000000000000000      0x23b ./Src/sysmem.o
 .debug_macro   0x0000000000000000      0x103 ./Src/sysmem.o
 .debug_macro   0x0000000000000000       0x6a ./Src/sysmem.o
 .debug_macro   0x0000000000000000      0x1df ./Src/sysmem.o
 .debug_line    0x0000000000000000      0x4f3 ./Src/sysmem.o
 .debug_str     0x0000000000000000     0x628c ./Src/sysmem.o
 .comment       0x0000000000000000       0x54 ./Src/sysmem.o
 .debug_frame   0x0000000000000000       0x34 ./Src/sysmem.o
 .ARM.attributes
                0x0000000000000000       0x34 ./Src/sysmem.o
 .text          0x0000000000000000       0x14 ./Startup/startup_stm32f411ceux.o
 .data          0x0000000000000000        0x0 ./Startup/startup_stm32f411ceux.o
 .bss           0x0000000000000000        0x0 ./Startup/startup_stm32f411ceux.o
 .group         0x0000000000000000        0xc ./drivers/Src/stm32f411ceu6_gpio.o
 .group         0x0000000000000000        0xc ./drivers/Src/stm32f411ceu6_gpio.o
 .group         0x0000000000000000        0xc ./drivers/Src/stm32f411ceu6_gpio.o
 .group         0x0000000000000000        0xc ./drivers/Src/stm32f411ceu6_gpio.o
 .group         0x0000000000000000        0xc ./drivers/Src/stm32f411ceu6_gpio.o
 .group         0x0000000000000000        0xc ./drivers/Src/stm32f411ceu6_gpio.o
 .group         0x0000000000000000        0xc ./drivers/Src/stm32f411ceu6_gpio.o
 .group         0x0000000000000000        0xc ./drivers/Src/stm32f411ceu6_gpio.o
 .group         0x0000000000000000        0xc ./drivers/Src/stm32f411ceu6_gpio.o
 .group         0x0000000000000000        0xc ./drivers/Src/stm32f411ceu6_gpio.o
 .group         0x0000000000000000        0xc ./drivers/Src/stm32f411ceu6_gpio.o
 .group         0x0000000000000000        0xc ./drivers/Src/stm32f411ceu6_gpio.o
 .group         0x0000000000000000        0xc ./drivers/Src/stm32f411ceu6_gpio.o
 .text          0x0000000000000000        0x0 ./drivers/Src/stm32f411ceu6_gpio.o
 .data          0x0000000000000000        0x0 ./drivers/Src/stm32f411ceu6_gpio.o
 .bss           0x0000000000000000        0x0 ./drivers/Src/stm32f411ceu6_gpio.o
 .text.GPIO_DeInit
                0x0000000000000000      0x16c ./drivers/Src/stm32f411ceu6_gpio.o
 .text.GPIO_ReadFromInputPin
                0x0000000000000000       0x2c ./drivers/Src/stm32f411ceu6_gpio.o
 .text.GPIO_ReadFromInputPort
                0x0000000000000000       0x1c ./drivers/Src/stm32f411ceu6_gpio.o
 .text.GPIO_WriteToOutputPort
                0x0000000000000000       0x1e ./drivers/Src/stm32f411ceu6_gpio.o
 .debug_macro   0x0000000000000000      0xaae ./drivers/Src/stm32f411ceu6_gpio.o
 .debug_macro   0x0000000000000000      0x174 ./drivers/Src/stm32f411ceu6_gpio.o
 .debug_macro   0x0000000000000000       0x22 ./drivers/Src/stm32f411ceu6_gpio.o
 .debug_macro   0x0000000000000000      0x103 ./drivers/Src/stm32f411ceu6_gpio.o
 .debug_macro   0x0000000000000000       0x6a ./drivers/Src/stm32f411ceu6_gpio.o
 .debug_macro   0x0000000000000000      0x1df ./drivers/Src/stm32f411ceu6_gpio.o
 .debug_macro   0x0000000000000000      0x674 ./drivers/Src/stm32f411ceu6_gpio.o
 .debug_macro   0x0000000000000000       0xd6 ./drivers/Src/stm32f411ceu6_gpio.o
 .debug_macro   0x0000000000000000      0x107 ./drivers/Src/stm32f411ceu6_gpio.o
 .debug_macro   0x0000000000000000       0xc4 ./drivers/Src/stm32f411ceu6_gpio.o
 .group         0x0000000000000000        0xc ./drivers/Src/stm32f411ceu6_i2c.o
 .text          0x0000000000000000        0x0 ./drivers/Src/stm32f411ceu6_i2c.o
 .data          0x0000000000000000        0x0 ./drivers/Src/stm32f411ceu6_i2c.o
 .bss           0x0000000000000000        0x0 ./drivers/Src/stm32f411ceu6_i2c.o
 .debug_info    0x0000000000000000       0x21 ./drivers/Src/stm32f411ceu6_i2c.o
 .debug_abbrev  0x0000000000000000       0x13 ./drivers/Src/stm32f411ceu6_i2c.o
 .debug_aranges
                0x0000000000000000       0x18 ./drivers/Src/stm32f411ceu6_i2c.o
 .debug_macro   0x0000000000000000       0x11 ./drivers/Src/stm32f411ceu6_i2c.o
 .debug_macro   0x0000000000000000      0xaae ./drivers/Src/stm32f411ceu6_i2c.o
 .debug_line    0x0000000000000000       0x43 ./drivers/Src/stm32f411ceu6_i2c.o
 .debug_str     0x0000000000000000     0x2db5 ./drivers/Src/stm32f411ceu6_i2c.o
 .comment       0x0000000000000000       0x54 ./drivers/Src/stm32f411ceu6_i2c.o
 .ARM.attributes
                0x0000000000000000       0x39 ./drivers/Src/stm32f411ceu6_i2c.o
 .group         0x0000000000000000        0xc ./drivers/Src/stm32f411ceu6_rcc.o
 .text          0x0000000000000000        0x0 ./drivers/Src/stm32f411ceu6_rcc.o
 .data          0x0000000000000000        0x0 ./drivers/Src/stm32f411ceu6_rcc.o
 .bss           0x0000000000000000        0x0 ./drivers/Src/stm32f411ceu6_rcc.o
 .debug_info    0x0000000000000000       0x21 ./drivers/Src/stm32f411ceu6_rcc.o
 .debug_abbrev  0x0000000000000000       0x13 ./drivers/Src/stm32f411ceu6_rcc.o
 .debug_aranges
                0x0000000000000000       0x18 ./drivers/Src/stm32f411ceu6_rcc.o
 .debug_macro   0x0000000000000000       0x11 ./drivers/Src/stm32f411ceu6_rcc.o
 .debug_macro   0x0000000000000000      0xaae ./drivers/Src/stm32f411ceu6_rcc.o
 .debug_line    0x0000000000000000       0x43 ./drivers/Src/stm32f411ceu6_rcc.o
 .debug_str     0x0000000000000000     0x2db5 ./drivers/Src/stm32f411ceu6_rcc.o
 .comment       0x0000000000000000       0x54 ./drivers/Src/stm32f411ceu6_rcc.o
 .ARM.attributes
                0x0000000000000000       0x39 ./drivers/Src/stm32f411ceu6_rcc.o
 .group         0x0000000000000000        0xc ./drivers/Src/stm32f411ceu6_spi.o
 .group         0x0000000000000000        0xc ./drivers/Src/stm32f411ceu6_spi.o
 .group         0x0000000000000000        0xc ./drivers/Src/stm32f411ceu6_spi.o
 .group         0x0000000000000000        0xc ./drivers/Src/stm32f411ceu6_spi.o
 .group         0x0000000000000000        0xc ./drivers/Src/stm32f411ceu6_spi.o
 .group         0x0000000000000000        0xc ./drivers/Src/stm32f411ceu6_spi.o
 .group         0x0000000000000000        0xc ./drivers/Src/stm32f411ceu6_spi.o
 .group         0x0000000000000000        0xc ./drivers/Src/stm32f411ceu6_spi.o
 .group         0x0000000000000000        0xc ./drivers/Src/stm32f411ceu6_spi.o
 .group         0x0000000000000000        0xc ./drivers/Src/stm32f411ceu6_spi.o
 .group         0x0000000000000000        0xc ./drivers/Src/stm32f411ceu6_spi.o
 .group         0x0000000000000000        0xc ./drivers/Src/stm32f411ceu6_spi.o
 .text          0x0000000000000000        0x0 ./drivers/Src/stm32f411ceu6_spi.o
 .data          0x0000000000000000        0x0 ./drivers/Src/stm32f411ceu6_spi.o
 .bss           0x0000000000000000        0x0 ./drivers/Src/stm32f411ceu6_spi.o
 .debug_info    0x0000000000000000       0x6f ./drivers/Src/stm32f411ceu6_spi.o
 .debug_abbrev  0x0000000000000000       0x29 ./drivers/Src/stm32f411ceu6_spi.o
 .debug_aranges
                0x0000000000000000       0x18 ./drivers/Src/stm32f411ceu6_spi.o
 .debug_macro   0x0000000000000000      0x16d ./drivers/Src/stm32f411ceu6_spi.o
 .debug_macro   0x0000000000000000      0xaae ./drivers/Src/stm32f411ceu6_spi.o
 .debug_macro   0x0000000000000000      0x174 ./drivers/Src/stm32f411ceu6_spi.o
 .debug_macro   0x0000000000000000       0x22 ./drivers/Src/stm32f411ceu6_spi.o
 .debug_macro   0x0000000000000000       0x8e ./drivers/Src/stm32f411ceu6_spi.o
 .debug_macro   0x0000000000000000       0x51 ./drivers/Src/stm32f411ceu6_spi.o
 .debug_macro   0x0000000000000000      0x103 ./drivers/Src/stm32f411ceu6_spi.o
 .debug_macro   0x0000000000000000       0x6a ./drivers/Src/stm32f411ceu6_spi.o
 .debug_macro   0x0000000000000000      0x1df ./drivers/Src/stm32f411ceu6_spi.o
 .debug_macro   0x0000000000000000      0x674 ./drivers/Src/stm32f411ceu6_spi.o
 .debug_macro   0x0000000000000000       0xc4 ./drivers/Src/stm32f411ceu6_spi.o
 .debug_macro   0x0000000000000000       0xd6 ./drivers/Src/stm32f411ceu6_spi.o
 .debug_macro   0x0000000000000000      0x107 ./drivers/Src/stm32f411ceu6_spi.o
 .debug_line    0x0000000000000000      0x446 ./drivers/Src/stm32f411ceu6_spi.o
 .debug_str     0x0000000000000000     0x6767 ./drivers/Src/stm32f411ceu6_spi.o
 .comment       0x0000000000000000       0x54 ./drivers/Src/stm32f411ceu6_spi.o
 .ARM.attributes
                0x0000000000000000       0x39 ./drivers/Src/stm32f411ceu6_spi.o
 .group         0x0000000000000000        0xc ./drivers/Src/stm32f411ceu6_usart.o
 .text          0x0000000000000000        0x0 ./drivers/Src/stm32f411ceu6_usart.o
 .data          0x0000000000000000        0x0 ./drivers/Src/stm32f411ceu6_usart.o
 .bss           0x0000000000000000        0x0 ./drivers/Src/stm32f411ceu6_usart.o
 .debug_info    0x0000000000000000       0x21 ./drivers/Src/stm32f411ceu6_usart.o
 .debug_abbrev  0x0000000000000000       0x13 ./drivers/Src/stm32f411ceu6_usart.o
 .debug_aranges
                0x0000000000000000       0x18 ./drivers/Src/stm32f411ceu6_usart.o
 .debug_macro   0x0000000000000000       0x11 ./drivers/Src/stm32f411ceu6_usart.o
 .debug_macro   0x0000000000000000      0xaae ./drivers/Src/stm32f411ceu6_usart.o
 .debug_line    0x0000000000000000       0x45 ./drivers/Src/stm32f411ceu6_usart.o
 .debug_str     0x0000000000000000     0x2db7 ./drivers/Src/stm32f411ceu6_usart.o
 .comment       0x0000000000000000       0x54 ./drivers/Src/stm32f411ceu6_usart.o
 .ARM.attributes
                0x0000000000000000       0x39 ./drivers/Src/stm32f411ceu6_usart.o
 .text          0x0000000000000000        0x0 c:/st/stm32cubeide_1.8.0/stm32cubeide/plugins/com.st.stm32cube.ide.mcu.externaltools.gnu-tools-for-stm32.9-2020-q2-update.win32_2.0.0.202105311346/tools/bin/../lib/gcc/arm-none-eabi/9.3.1/../../../../arm-none-eabi/lib/thumb/v7e-m+fp/hard\libc_nano.a(lib_a-errno.o)
 .data          0x0000000000000000        0x0 c:/st/stm32cubeide_1.8.0/stm32cubeide/plugins/com.st.stm32cube.ide.mcu.externaltools.gnu-tools-for-stm32.9-2020-q2-update.win32_2.0.0.202105311346/tools/bin/../lib/gcc/arm-none-eabi/9.3.1/../../../../arm-none-eabi/lib/thumb/v7e-m+fp/hard\libc_nano.a(lib_a-errno.o)
 .bss           0x0000000000000000        0x0 c:/st/stm32cubeide_1.8.0/stm32cubeide/plugins/com.st.stm32cube.ide.mcu.externaltools.gnu-tools-for-stm32.9-2020-q2-update.win32_2.0.0.202105311346/tools/bin/../lib/gcc/arm-none-eabi/9.3.1/../../../../arm-none-eabi/lib/thumb/v7e-m+fp/hard\libc_nano.a(lib_a-errno.o)
 .text.__errno  0x0000000000000000        0xc c:/st/stm32cubeide_1.8.0/stm32cubeide/plugins/com.st.stm32cube.ide.mcu.externaltools.gnu-tools-for-stm32.9-2020-q2-update.win32_2.0.0.202105311346/tools/bin/../lib/gcc/arm-none-eabi/9.3.1/../../../../arm-none-eabi/lib/thumb/v7e-m+fp/hard\libc_nano.a(lib_a-errno.o)
 .debug_frame   0x0000000000000000       0x20 c:/st/stm32cubeide_1.8.0/stm32cubeide/plugins/com.st.stm32cube.ide.mcu.externaltools.gnu-tools-for-stm32.9-2020-q2-update.win32_2.0.0.202105311346/tools/bin/../lib/gcc/arm-none-eabi/9.3.1/../../../../arm-none-eabi/lib/thumb/v7e-m+fp/hard\libc_nano.a(lib_a-errno.o)
 .ARM.attributes
                0x0000000000000000       0x34 c:/st/stm32cubeide_1.8.0/stm32cubeide/plugins/com.st.stm32cube.ide.mcu.externaltools.gnu-tools-for-stm32.9-2020-q2-update.win32_2.0.0.202105311346/tools/bin/../lib/gcc/arm-none-eabi/9.3.1/../../../../arm-none-eabi/lib/thumb/v7e-m+fp/hard\libc_nano.a(lib_a-errno.o)
 .text          0x0000000000000000        0x0 c:/st/stm32cubeide_1.8.0/stm32cubeide/plugins/com.st.stm32cube.ide.mcu.externaltools.gnu-tools-for-stm32.9-2020-q2-update.win32_2.0.0.202105311346/tools/bin/../lib/gcc/arm-none-eabi/9.3.1/../../../../arm-none-eabi/lib/thumb/v7e-m+fp/hard\libc_nano.a(lib_a-exit.o)
 .data          0x0000000000000000        0x0 c:/st/stm32cubeide_1.8.0/stm32cubeide/plugins/com.st.stm32cube.ide.mcu.externaltools.gnu-tools-for-stm32.9-2020-q2-update.win32_2.0.0.202105311346/tools/bin/../lib/gcc/arm-none-eabi/9.3.1/../../../../arm-none-eabi/lib/thumb/v7e-m+fp/hard\libc_nano.a(lib_a-exit.o)
 .bss           0x0000000000000000        0x0 c:/st/stm32cubeide_1.8.0/stm32cubeide/plugins/com.st.stm32cube.ide.mcu.externaltools.gnu-tools-for-stm32.9-2020-q2-update.win32_2.0.0.202105311346/tools/bin/../lib/gcc/arm-none-eabi/9.3.1/../../../../arm-none-eabi/lib/thumb/v7e-m+fp/hard\libc_nano.a(lib_a-exit.o)
 .text.exit     0x0000000000000000       0x28 c:/st/stm32cubeide_1.8.0/stm32cubeide/plugins/com.st.stm32cube.ide.mcu.externaltools.gnu-tools-for-stm32.9-2020-q2-update.win32_2.0.0.202105311346/tools/bin/../lib/gcc/arm-none-eabi/9.3.1/../../../../arm-none-eabi/lib/thumb/v7e-m+fp/hard\libc_nano.a(lib_a-exit.o)
 .debug_frame   0x0000000000000000       0x28 c:/st/stm32cubeide_1.8.0/stm32cubeide/plugins/com.st.stm32cube.ide.mcu.externaltools.gnu-tools-for-stm32.9-2020-q2-update.win32_2.0.0.202105311346/tools/bin/../lib/gcc/arm-none-eabi/9.3.1/../../../../arm-none-eabi/lib/thumb/v7e-m+fp/hard\libc_nano.a(lib_a-exit.o)
 .ARM.attributes
                0x0000000000000000       0x34 c:/st/stm32cubeide_1.8.0/stm32cubeide/plugins/com.st.stm32cube.ide.mcu.externaltools.gnu-tools-for-stm32.9-2020-q2-update.win32_2.0.0.202105311346/tools/bin/../lib/gcc/arm-none-eabi/9.3.1/../../../../arm-none-eabi/lib/thumb/v7e-m+fp/hard\libc_nano.a(lib_a-exit.o)
 .text          0x0000000000000000        0x0 c:/st/stm32cubeide_1.8.0/stm32cubeide/plugins/com.st.stm32cube.ide.mcu.externaltools.gnu-tools-for-stm32.9-2020-q2-update.win32_2.0.0.202105311346/tools/bin/../lib/gcc/arm-none-eabi/9.3.1/../../../../arm-none-eabi/lib/thumb/v7e-m+fp/hard\libc_nano.a(lib_a-impure.o)
 .data          0x0000000000000000        0x0 c:/st/stm32cubeide_1.8.0/stm32cubeide/plugins/com.st.stm32cube.ide.mcu.externaltools.gnu-tools-for-stm32.9-2020-q2-update.win32_2.0.0.202105311346/tools/bin/../lib/gcc/arm-none-eabi/9.3.1/../../../../arm-none-eabi/lib/thumb/v7e-m+fp/hard\libc_nano.a(lib_a-impure.o)
 .bss           0x0000000000000000        0x0 c:/st/stm32cubeide_1.8.0/stm32cubeide/plugins/com.st.stm32cube.ide.mcu.externaltools.gnu-tools-for-stm32.9-2020-q2-update.win32_2.0.0.202105311346/tools/bin/../lib/gcc/arm-none-eabi/9.3.1/../../../../arm-none-eabi/lib/thumb/v7e-m+fp/hard\libc_nano.a(lib_a-impure.o)
 .data._impure_ptr
                0x0000000000000000        0x4 c:/st/stm32cubeide_1.8.0/stm32cubeide/plugins/com.st.stm32cube.ide.mcu.externaltools.gnu-tools-for-stm32.9-2020-q2-update.win32_2.0.0.202105311346/tools/bin/../lib/gcc/arm-none-eabi/9.3.1/../../../../arm-none-eabi/lib/thumb/v7e-m+fp/hard\libc_nano.a(lib_a-impure.o)
 .data.impure_data
                0x0000000000000000       0x60 c:/st/stm32cubeide_1.8.0/stm32cubeide/plugins/com.st.stm32cube.ide.mcu.externaltools.gnu-tools-for-stm32.9-2020-q2-update.win32_2.0.0.202105311346/tools/bin/../lib/gcc/arm-none-eabi/9.3.1/../../../../arm-none-eabi/lib/thumb/v7e-m+fp/hard\libc_nano.a(lib_a-impure.o)
 .rodata._global_impure_ptr
                0x0000000000000000        0x4 c:/st/stm32cubeide_1.8.0/stm32cubeide/plugins/com.st.stm32cube.ide.mcu.externaltools.gnu-tools-for-stm32.9-2020-q2-update.win32_2.0.0.202105311346/tools/bin/../lib/gcc/arm-none-eabi/9.3.1/../../../../arm-none-eabi/lib/thumb/v7e-m+fp/hard\libc_nano.a(lib_a-impure.o)
 .ARM.attributes
                0x0000000000000000       0x32 c:/st/stm32cubeide_1.8.0/stm32cubeide/plugins/com.st.stm32cube.ide.mcu.externaltools.gnu-tools-for-stm32.9-2020-q2-update.win32_2.0.0.202105311346/tools/bin/../lib/gcc/arm-none-eabi/9.3.1/../../../../arm-none-eabi/lib/thumb/v7e-m+fp/hard\libc_nano.a(lib_a-impure.o)
 .text          0x0000000000000000        0x0 c:/st/stm32cubeide_1.8.0/stm32cubeide/plugins/com.st.stm32cube.ide.mcu.externaltools.gnu-tools-for-stm32.9-2020-q2-update.win32_2.0.0.202105311346/tools/bin/../lib/gcc/arm-none-eabi/9.3.1/../../../../arm-none-eabi/lib/thumb/v7e-m+fp/hard\libc_nano.a(lib_a-init.o)
 .data          0x0000000000000000        0x0 c:/st/stm32cubeide_1.8.0/stm32cubeide/plugins/com.st.stm32cube.ide.mcu.externaltools.gnu-tools-for-stm32.9-2020-q2-update.win32_2.0.0.202105311346/tools/bin/../lib/gcc/arm-none-eabi/9.3.1/../../../../arm-none-eabi/lib/thumb/v7e-m+fp/hard\libc_nano.a(lib_a-init.o)
 .bss           0x0000000000000000        0x0 c:/st/stm32cubeide_1.8.0/stm32cubeide/plugins/com.st.stm32cube.ide.mcu.externaltools.gnu-tools-for-stm32.9-2020-q2-update.win32_2.0.0.202105311346/tools/bin/../lib/gcc/arm-none-eabi/9.3.1/../../../../arm-none-eabi/lib/thumb/v7e-m+fp/hard\libc_nano.a(lib_a-init.o)
 .text          0x0000000000000000        0x0 c:/st/stm32cubeide_1.8.0/stm32cubeide/plugins/com.st.stm32cube.ide.mcu.externaltools.gnu-tools-for-stm32.9-2020-q2-update.win32_2.0.0.202105311346/tools/bin/../lib/gcc/arm-none-eabi/9.3.1/../../../../arm-none-eabi/lib/thumb/v7e-m+fp/hard\libc_nano.a(lib_a-memset.o)
 .data          0x0000000000000000        0x0 c:/st/stm32cubeide_1.8.0/stm32cubeide/plugins/com.st.stm32cube.ide.mcu.externaltools.gnu-tools-for-stm32.9-2020-q2-update.win32_2.0.0.202105311346/tools/bin/../lib/gcc/arm-none-eabi/9.3.1/../../../../arm-none-eabi/lib/thumb/v7e-m+fp/hard\libc_nano.a(lib_a-memset.o)
 .bss           0x0000000000000000        0x0 c:/st/stm32cubeide_1.8.0/stm32cubeide/plugins/com.st.stm32cube.ide.mcu.externaltools.gnu-tools-for-stm32.9-2020-q2-update.win32_2.0.0.202105311346/tools/bin/../lib/gcc/arm-none-eabi/9.3.1/../../../../arm-none-eabi/lib/thumb/v7e-m+fp/hard\libc_nano.a(lib_a-memset.o)
 .text          0x0000000000000000        0x0 c:/st/stm32cubeide_1.8.0/stm32cubeide/plugins/com.st.stm32cube.ide.mcu.externaltools.gnu-tools-for-stm32.9-2020-q2-update.win32_2.0.0.202105311346/tools/bin/../lib/gcc/arm-none-eabi/9.3.1/thumb/v7e-m+fp/hard/crtend.o
 .data          0x0000000000000000        0x0 c:/st/stm32cubeide_1.8.0/stm32cubeide/plugins/com.st.stm32cube.ide.mcu.externaltools.gnu-tools-for-stm32.9-2020-q2-update.win32_2.0.0.202105311346/tools/bin/../lib/gcc/arm-none-eabi/9.3.1/thumb/v7e-m+fp/hard/crtend.o
 .bss           0x0000000000000000        0x0 c:/st/stm32cubeide_1.8.0/stm32cubeide/plugins/com.st.stm32cube.ide.mcu.externaltools.gnu-tools-for-stm32.9-2020-q2-update.win32_2.0.0.202105311346/tools/bin/../lib/gcc/arm-none-eabi/9.3.1/thumb/v7e-m+fp/hard/crtend.o
 .eh_frame      0x0000000000000000        0x4 c:/st/stm32cubeide_1.8.0/stm32cubeide/plugins/com.st.stm32cube.ide.mcu.externaltools.gnu-tools-for-stm32.9-2020-q2-update.win32_2.0.0.202105311346/tools/bin/../lib/gcc/arm-none-eabi/9.3.1/thumb/v7e-m+fp/hard/crtend.o
 .ARM.attributes
                0x0000000000000000       0x32 c:/st/stm32cubeide_1.8.0/stm32cubeide/plugins/com.st.stm32cube.ide.mcu.externaltools.gnu-tools-for-stm32.9-2020-q2-update.win32_2.0.0.202105311346/tools/bin/../lib/gcc/arm-none-eabi/9.3.1/thumb/v7e-m+fp/hard/crtend.o
 .text          0x0000000000000000        0x0 c:/st/stm32cubeide_1.8.0/stm32cubeide/plugins/com.st.stm32cube.ide.mcu.externaltools.gnu-tools-for-stm32.9-2020-q2-update.win32_2.0.0.202105311346/tools/bin/../lib/gcc/arm-none-eabi/9.3.1/thumb/v7e-m+fp/hard/crtn.o
 .data          0x0000000000000000        0x0 c:/st/stm32cubeide_1.8.0/stm32cubeide/plugins/com.st.stm32cube.ide.mcu.externaltools.gnu-tools-for-stm32.9-2020-q2-update.win32_2.0.0.202105311346/tools/bin/../lib/gcc/arm-none-eabi/9.3.1/thumb/v7e-m+fp/hard/crtn.o
 .bss           0x0000000000000000        0x0 c:/st/stm32cubeide_1.8.0/stm32cubeide/plugins/com.st.stm32cube.ide.mcu.externaltools.gnu-tools-for-stm32.9-2020-q2-update.win32_2.0.0.202105311346/tools/bin/../lib/gcc/arm-none-eabi/9.3.1/thumb/v7e-m+fp/hard/crtn.o

Memory Configuration

Name             Origin             Length             Attributes
RAM              0x0000000020000000 0x0000000000020000 xrw
FLASH            0x0000000008000000 0x0000000000080000 xr
*default*        0x0000000000000000 0xffffffffffffffff

Linker script and memory map

LOAD c:/st/stm32cubeide_1.8.0/stm32cubeide/plugins/com.st.stm32cube.ide.mcu.externaltools.gnu-tools-for-stm32.9-2020-q2-update.win32_2.0.0.202105311346/tools/bin/../lib/gcc/arm-none-eabi/9.3.1/thumb/v7e-m+fp/hard/crti.o
LOAD c:/st/stm32cubeide_1.8.0/stm32cubeide/plugins/com.st.stm32cube.ide.mcu.externaltools.gnu-tools-for-stm32.9-2020-q2-update.win32_2.0.0.202105311346/tools/bin/../lib/gcc/arm-none-eabi/9.3.1/thumb/v7e-m+fp/hard/crtbegin.o
LOAD c:/st/stm32cubeide_1.8.0/stm32cubeide/plugins/com.st.stm32cube.ide.mcu.externaltools.gnu-tools-for-stm32.9-2020-q2-update.win32_2.0.0.202105311346/tools/bin/../lib/gcc/arm-none-eabi/9.3.1/../../../../arm-none-eabi/lib/thumb/v7e-m+fp/hard/crt0.o
LOAD ./Src/led_extbutton.o
LOAD ./Src/syscalls.o
LOAD ./Src/sysmem.o
LOAD ./Startup/startup_stm32f411ceux.o
LOAD ./drivers/Src/stm32f411ceu6_gpio.o
LOAD ./drivers/Src/stm32f411ceu6_i2c.o
LOAD ./drivers/Src/stm32f411ceu6_rcc.o
LOAD ./drivers/Src/stm32f411ceu6_spi.o
LOAD ./drivers/Src/stm32f411ceu6_usart.o
START GROUP
LOAD c:/st/stm32cubeide_1.8.0/stm32cubeide/plugins/com.st.stm32cube.ide.mcu.externaltools.gnu-tools-for-stm32.9-2020-q2-update.win32_2.0.0.202105311346/tools/bin/../lib/gcc/arm-none-eabi/9.3.1/../../../../arm-none-eabi/lib/thumb/v7e-m+fp/hard\libc_nano.a
LOAD c:/st/stm32cubeide_1.8.0/stm32cubeide/plugins/com.st.stm32cube.ide.mcu.externaltools.gnu-tools-for-stm32.9-2020-q2-update.win32_2.0.0.202105311346/tools/bin/../lib/gcc/arm-none-eabi/9.3.1/../../../../arm-none-eabi/lib/thumb/v7e-m+fp/hard\libm.a
END GROUP
START GROUP
LOAD c:/st/stm32cubeide_1.8.0/stm32cubeide/plugins/com.st.stm32cube.ide.mcu.externaltools.gnu-tools-for-stm32.9-2020-q2-update.win32_2.0.0.202105311346/tools/bin/../lib/gcc/arm-none-eabi/9.3.1/thumb/v7e-m+fp/hard\libgcc.a
LOAD c:/st/stm32cubeide_1.8.0/stm32cubeide/plugins/com.st.stm32cube.ide.mcu.externaltools.gnu-tools-for-stm32.9-2020-q2-update.win32_2.0.0.202105311346/tools/bin/../lib/gcc/arm-none-eabi/9.3.1/../../../../arm-none-eabi/lib/thumb/v7e-m+fp/hard\libc_nano.a
END GROUP
START GROUP
LOAD c:/st/stm32cubeide_1.8.0/stm32cubeide/plugins/com.st.stm32cube.ide.mcu.externaltools.gnu-tools-for-stm32.9-2020-q2-update.win32_2.0.0.202105311346/tools/bin/../lib/gcc/arm-none-eabi/9.3.1/thumb/v7e-m+fp/hard\libgcc.a
LOAD c:/st/stm32cubeide_1.8.0/stm32cubeide/plugins/com.st.stm32cube.ide.mcu.externaltools.gnu-tools-for-stm32.9-2020-q2-update.win32_2.0.0.202105311346/tools/bin/../lib/gcc/arm-none-eabi/9.3.1/../../../../arm-none-eabi/lib/thumb/v7e-m+fp/hard\libc_nano.a
LOAD c:/st/stm32cubeide_1.8.0/stm32cubeide/plugins/com.st.stm32cube.ide.mcu.externaltools.gnu-tools-for-stm32.9-2020-q2-update.win32_2.0.0.202105311346/tools/bin/../lib/gcc/arm-none-eabi/9.3.1/../../../../arm-none-eabi/lib/thumb/v7e-m+fp/hard\libnosys.a
END GROUP
START GROUP
LOAD c:/st/stm32cubeide_1.8.0/stm32cubeide/plugins/com.st.stm32cube.ide.mcu.externaltools.gnu-tools-for-stm32.9-2020-q2-update.win32_2.0.0.202105311346/tools/bin/../lib/gcc/arm-none-eabi/9.3.1/thumb/v7e-m+fp/hard\libgcc.a
LOAD c:/st/stm32cubeide_1.8.0/stm32cubeide/plugins/com.st.stm32cube.ide.mcu.externaltools.gnu-tools-for-stm32.9-2020-q2-update.win32_2.0.0.202105311346/tools/bin/../lib/gcc/arm-none-eabi/9.3.1/../../../../arm-none-eabi/lib/thumb/v7e-m+fp/hard\libc_nano.a
LOAD c:/st/stm32cubeide_1.8.0/stm32cubeide/plugins/com.st.stm32cube.ide.mcu.externaltools.gnu-tools-for-stm32.9-2020-q2-update.win32_2.0.0.202105311346/tools/bin/../lib/gcc/arm-none-eabi/9.3.1/../../../../arm-none-eabi/lib/thumb/v7e-m+fp/hard\libnosys.a
END GROUP
LOAD c:/st/stm32cubeide_1.8.0/stm32cubeide/plugins/com.st.stm32cube.ide.mcu.externaltools.gnu-tools-for-stm32.9-2020-q2-update.win32_2.0.0.202105311346/tools/bin/../lib/gcc/arm-none-eabi/9.3.1/thumb/v7e-m+fp/hard/crtend.o
LOAD c:/st/stm32cubeide_1.8.0/stm32cubeide/plugins/com.st.stm32cube.ide.mcu.externaltools.gnu-tools-for-stm32.9-2020-q2-update.win32_2.0.0.202105311346/tools/bin/../lib/gcc/arm-none-eabi/9.3.1/thumb/v7e-m+fp/hard/crtn.o
                0x0000000020020000                _estack = (ORIGIN (RAM) + LENGTH (RAM))
                0x0000000000000200                _Min_Heap_Size = 0x200
                0x0000000000000400                _Min_Stack_Size = 0x400

.isr_vector     0x0000000008000000      0x198
                0x0000000008000000                . = ALIGN (0x4)
 *(.isr_vector)
 .isr_vector    0x0000000008000000      0x198 ./Startup/startup_stm32f411ceux.o
                0x0000000008000000                g_pfnVectors
                0x0000000008000198                . = ALIGN (0x4)

.text           0x0000000008000198      0x840
                0x0000000008000198                . = ALIGN (0x4)
 *(.text)
 .text          0x0000000008000198       0x40 c:/st/stm32cubeide_1.8.0/stm32cubeide/plugins/com.st.stm32cube.ide.mcu.externaltools.gnu-tools-for-stm32.9-2020-q2-update.win32_2.0.0.202105311346/tools/bin/../lib/gcc/arm-none-eabi/9.3.1/thumb/v7e-m+fp/hard/crtbegin.o
 *(.text*)
 .text.delay    0x00000000080001d8       0x2c ./Src/led_extbutton.o
                0x00000000080001d8                delay
 .text.main     0x0000000008000204       0x98 ./Src/led_extbutton.o
                0x0000000008000204                main
 .text.EXTI0_IRQHandler
                0x000000000800029c       0x20 ./Src/led_extbutton.o
                0x000000000800029c                EXTI0_IRQHandler
 .text.Reset_Handler
                0x00000000080002bc       0x50 ./Startup/startup_stm32f411ceux.o
                0x00000000080002bc                Reset_Handler
 .text.Default_Handler
                0x000000000800030c        0x2 ./Startup/startup_stm32f411ceux.o
                0x000000000800030c                RTC_Alarm_IRQHandler
                0x000000000800030c                EXTI2_IRQHandler
                0x000000000800030c                DebugMon_Handler
                0x000000000800030c                SPI4_IRQHandler
                0x000000000800030c                TIM1_CC_IRQHandler
                0x000000000800030c                DMA2_Stream5_IRQHandler
                0x000000000800030c                HardFault_Handler
                0x000000000800030c                DMA1_Stream5_IRQHandler
                0x000000000800030c                SysTick_Handler
                0x000000000800030c                PVD_IRQHandler
                0x000000000800030c                SDIO_IRQHandler
                0x000000000800030c                TAMP_STAMP_IRQHandler
                0x000000000800030c                PendSV_Handler
                0x000000000800030c                NMI_Handler
                0x000000000800030c                EXTI3_IRQHandler
                0x000000000800030c                TIM1_UP_TIM10_IRQHandler
                0x000000000800030c                I2C3_ER_IRQHandler
                0x000000000800030c                I2C2_EV_IRQHandler
                0x000000000800030c                DMA1_Stream2_IRQHandler
                0x000000000800030c                FPU_IRQHandler
                0x000000000800030c                UsageFault_Handler
                0x000000000800030c                DMA2_Stream2_IRQHandler
                0x000000000800030c                SPI1_IRQHandler
                0x000000000800030c                TIM1_BRK_TIM9_IRQHandler
                0x000000000800030c                DMA2_Stream3_IRQHandler
                0x000000000800030c                USART6_IRQHandler
                0x000000000800030c                DMA2_Stream0_IRQHandler
                0x000000000800030c                TIM4_IRQHandler
                0x000000000800030c                I2C1_EV_IRQHandler
                0x000000000800030c                DMA1_Stream6_IRQHandler
                0x000000000800030c                DMA1_Stream1_IRQHandler
                0x000000000800030c                TIM3_IRQHandler
                0x000000000800030c                RCC_IRQHandler
                0x000000000800030c                Default_Handler
                0x000000000800030c                EXTI15_10_IRQHandler
                0x000000000800030c                ADC_IRQHandler
                0x000000000800030c                DMA1_Stream7_IRQHandler
                0x000000000800030c                SPI5_IRQHandler
                0x000000000800030c                TIM5_IRQHandler
                0x000000000800030c                DMA2_Stream7_IRQHandler
                0x000000000800030c                I2C3_EV_IRQHandler
                0x000000000800030c                EXTI9_5_IRQHandler
                0x000000000800030c                RTC_WKUP_IRQHandler
                0x000000000800030c                SPI2_IRQHandler
                0x000000000800030c                MemManage_Handler
                0x000000000800030c                DMA1_Stream0_IRQHandler
                0x000000000800030c                SVC_Handler
                0x000000000800030c                EXTI4_IRQHandler
                0x000000000800030c                WWDG_IRQHandler
                0x000000000800030c                TIM2_IRQHandler
                0x000000000800030c                OTG_FS_WKUP_IRQHandler
                0x000000000800030c                TIM1_TRG_COM_TIM11_IRQHandler
                0x000000000800030c                EXTI1_IRQHandler
                0x000000000800030c                USART2_IRQHandler
                0x000000000800030c                I2C2_ER_IRQHandler
                0x000000000800030c                DMA2_Stream1_IRQHandler
                0x000000000800030c                FLASH_IRQHandler
                0x000000000800030c                DMA2_Stream4_IRQHandler
                0x000000000800030c                BusFault_Handler
                0x000000000800030c                USART1_IRQHandler
                0x000000000800030c                OTG_FS_IRQHandler
                0x000000000800030c                SPI3_IRQHandler
                0x000000000800030c                DMA1_Stream4_IRQHandler
                0x000000000800030c                I2C1_ER_IRQHandler
                0x000000000800030c                DMA2_Stream6_IRQHandler
                0x000000000800030c                DMA1_Stream3_IRQHandler
 *fill*         0x000000000800030e        0x2 
 .text.GPIO_PeriClockControl
                0x0000000008000310      0x10c ./drivers/Src/stm32f411ceu6_gpio.o
                0x0000000008000310                GPIO_PeriClockControl
 .text.GPIO_Init
                0x000000000800041c      0x338 ./drivers/Src/stm32f411ceu6_gpio.o
                0x000000000800041c                GPIO_Init
 .text.GPIO_WriteToOutputPin
                0x0000000008000754       0x4a ./drivers/Src/stm32f411ceu6_gpio.o
                0x0000000008000754                GPIO_WriteToOutputPin
 .text.GPIO_ToggleOutputPin
                0x000000000800079e       0x2a ./drivers/Src/stm32f411ceu6_gpio.o
                0x000000000800079e                GPIO_ToggleOutputPin
 .text.GPIO_IRQInterruptConfig
                0x00000000080007c8      0x10c ./drivers/Src/stm32f411ceu6_gpio.o
                0x00000000080007c8                GPIO_IRQInterruptConfig
 .text.GPIO_IRQPriorityConfig
                0x00000000080008d4       0x54 ./drivers/Src/stm32f411ceu6_gpio.o
                0x00000000080008d4                GPIO_IRQPriorityConfig
 .text.GPIO_IRQHandling
                0x0000000008000928       0x40 ./drivers/Src/stm32f411ceu6_gpio.o
                0x0000000008000928                GPIO_IRQHandling
 .text.__libc_init_array
                0x0000000008000968       0x48 c:/st/stm32cubeide_1.8.0/stm32cubeide/plugins/com.st.stm32cube.ide.mcu.externaltools.gnu-tools-for-stm32.9-2020-q2-update.win32_2.0.0.202105311346/tools/bin/../lib/gcc/arm-none-eabi/9.3.1/../../../../arm-none-eabi/lib/thumb/v7e-m+fp/hard\libc_nano.a(lib_a-init.o)
                0x0000000008000968                __libc_init_array
 .text.memset   0x00000000080009b0       0x10 c:/st/stm32cubeide_1.8.0/stm32cubeide/plugins/com.st.stm32cube.ide.mcu.externaltools.gnu-tools-for-stm32.9-2020-q2-update.win32_2.0.0.202105311346/tools/bin/../lib/gcc/arm-none-eabi/9.3.1/../../../../arm-none-eabi/lib/thumb/v7e-m+fp/hard\libc_nano.a(lib_a-memset.o)
                0x00000000080009b0                memset
 *(.glue_7)
 .glue_7        0x00000000080009c0        0x0 linker stubs
 *(.glue_7t)
 .glue_7t       0x00000000080009c0        0x0 linker stubs
 *(.eh_frame)
 .eh_frame      0x00000000080009c0        0x0 c:/st/stm32cubeide_1.8.0/stm32cubeide/plugins/com.st.stm32cube.ide.mcu.externaltools.gnu-tools-for-stm32.9-2020-q2-update.win32_2.0.0.202105311346/tools/bin/../lib/gcc/arm-none-eabi/9.3.1/thumb/v7e-m+fp/hard/crtbegin.o
 *(.init)
 .init          0x00000000080009c0        0x4 c:/st/stm32cubeide_1.8.0/stm32cubeide/plugins/com.st.stm32cube.ide.mcu.externaltools.gnu-tools-for-stm32.9-2020-q2-update.win32_2.0.0.202105311346/tools/bin/../lib/gcc/arm-none-eabi/9.3.1/thumb/v7e-m+fp/hard/crti.o
                0x00000000080009c0                _init
 .init          0x00000000080009c4        0x8 c:/st/stm32cubeide_1.8.0/stm32cubeide/plugins/com.st.stm32cube.ide.mcu.externaltools.gnu-tools-for-stm32.9-2020-q2-update.win32_2.0.0.202105311346/tools/bin/../lib/gcc/arm-none-eabi/9.3.1/thumb/v7e-m+fp/hard/crtn.o
 *(.fini)
 .fini          0x00000000080009cc        0x4 c:/st/stm32cubeide_1.8.0/stm32cubeide/plugins/com.st.stm32cube.ide.mcu.externaltools.gnu-tools-for-stm32.9-2020-q2-update.win32_2.0.0.202105311346/tools/bin/../lib/gcc/arm-none-eabi/9.3.1/thumb/v7e-m+fp/hard/crti.o
                0x00000000080009cc                _fini
 .fini          0x00000000080009d0        0x8 c:/st/stm32cubeide_1.8.0/stm32cubeide/plugins/com.st.stm32cube.ide.mcu.externaltools.gnu-tools-for-stm32.9-2020-q2-update.win32_2.0.0.202105311346/tools/bin/../lib/gcc/arm-none-eabi/9.3.1/thumb/v7e-m+fp/hard/crtn.o
                0x00000000080009d8                . = ALIGN (0x4)
                0x00000000080009d8                _etext = .

.vfp11_veneer   0x00000000080009d8        0x0
 .vfp11_veneer  0x00000000080009d8        0x0 linker stubs

.v4_bx          0x00000000080009d8        0x0
 .v4_bx         0x00000000080009d8        0x0 linker stubs

.iplt           0x00000000080009d8        0x0
 .iplt          0x00000000080009d8        0x0 c:/st/stm32cubeide_1.8.0/stm32cubeide/plugins/com.st.stm32cube.ide.mcu.externaltools.gnu-tools-for-stm32.9-2020-q2-update.win32_2.0.0.202105311346/tools/bin/../lib/gcc/arm-none-eabi/9.3.1/thumb/v7e-m+fp/hard/crtbegin.o

.rel.dyn        0x00000000080009d8        0x0
 .rel.iplt      0x00000000080009d8        0x0 c:/st/stm32cubeide_1.8.0/stm32cubeide/plugins/com.st.stm32cube.ide.mcu.externaltools.gnu-tools-for-stm32.9-2020-q2-update.win32_2.0.0.202105311346/tools/bin/../lib/gcc/arm-none-eabi/9.3.1/thumb/v7e-m+fp/hard/crtbegin.o

.rodata         0x00000000080009d8        0x0
                0x00000000080009d8                . = ALIGN (0x4)
 *(.rodata)
 *(.rodata*)
                0x00000000080009d8                . = ALIGN (0x4)

.ARM.extab      0x00000000080009d8        0x0
                0x00000000080009d8                . = ALIGN (0x4)
 *(.ARM.extab* .gnu.linkonce.armextab.*)
                0x00000000080009d8                . = ALIGN (0x4)

.ARM            0x00000000080009d8        0x0
                0x00000000080009d8                . = ALIGN (0x4)
                0x00000000080009d8                __exidx_start = .
 *(.ARM.exidx*)
                0x00000000080009d8                __exidx_end = .
                0x00000000080009d8                . = ALIGN (0x4)

.preinit_array  0x00000000080009d8        0x0
                0x00000000080009d8                . = ALIGN (0x4)
                0x00000000080009d8                PROVIDE (__preinit_array_start = .)
 *(.preinit_array*)
                0x00000000080009d8                PROVIDE (__preinit_array_end = .)
                0x00000000080009d8                . = ALIGN (0x4)

.init_array     0x00000000080009d8        0x4
                0x00000000080009d8                . = ALIGN (0x4)
                0x00000000080009d8                PROVIDE (__init_array_start = .)
 *(SORT_BY_NAME(.init_array.*))
 *(.init_array*)
 .init_array    0x00000000080009d8        0x4 c:/st/stm32cubeide_1.8.0/stm32cubeide/plugins/com.st.stm32cube.ide.mcu.externaltools.gnu-tools-for-stm32.9-2020-q2-update.win32_2.0.0.202105311346/tools/bin/../lib/gcc/arm-none-eabi/9.3.1/thumb/v7e-m+fp/hard/crtbegin.o
                0x00000000080009dc                PROVIDE (__init_array_end = .)
                0x00000000080009dc                . = ALIGN (0x4)

.fini_array     0x00000000080009dc        0x4
                0x00000000080009dc                . = ALIGN (0x4)
                [!provide]                        PROVIDE (__fini_array_start = .)
 *(SORT_BY_NAME(.fini_array.*))
 *(.fini_array*)
 .fini_array    0x00000000080009dc        0x4 c:/st/stm32cubeide_1.8.0/stm32cubeide/plugins/com.st.stm32cube.ide.mcu.externaltools.gnu-tools-for-stm32.9-2020-q2-update.win32_2.0.0.202105311346/tools/bin/../lib/gcc/arm-none-eabi/9.3.1/thumb/v7e-m+fp/hard/crtbegin.o
                [!provide]                        PROVIDE (__fini_array_end = .)
                0x00000000080009e0                . = ALIGN (0x4)
                0x00000000080009e0                _sidata = LOADADDR (.data)

.data           0x0000000020000000        0x0 load address 0x00000000080009e0
                0x0000000020000000                . = ALIGN (0x4)
                0x0000000020000000                _sdata = .
 *(.data)
 *(.data*)
 *(.RamFunc)
 *(.RamFunc*)
                0x0000000020000000                . = ALIGN (0x4)
                0x0000000020000000                _edata = .

.igot.plt       0x0000000020000000        0x0 load address 0x00000000080009e0
 .igot.plt      0x0000000020000000        0x0 c:/st/stm32cubeide_1.8.0/stm32cubeide/plugins/com.st.stm32cube.ide.mcu.externaltools.gnu-tools-for-stm32.9-2020-q2-update.win32_2.0.0.202105311346/tools/bin/../lib/gcc/arm-none-eabi/9.3.1/thumb/v7e-m+fp/hard/crtbegin.o
                0x0000000020000000                . = ALIGN (0x4)

.bss            0x0000000020000000       0x1c load address 0x00000000080009e0
                0x0000000020000000                _sbss = .
                0x0000000020000000                __bss_start__ = _sbss
 *(.bss)
 .bss           0x0000000020000000       0x1c c:/st/stm32cubeide_1.8.0/stm32cubeide/plugins/com.st.stm32cube.ide.mcu.externaltools.gnu-tools-for-stm32.9-2020-q2-update.win32_2.0.0.202105311346/tools/bin/../lib/gcc/arm-none-eabi/9.3.1/thumb/v7e-m+fp/hard/crtbegin.o
 *(.bss*)
 *(COMMON)
                0x000000002000001c                . = ALIGN (0x4)
                0x000000002000001c                _ebss = .
                0x000000002000001c                __bss_end__ = _ebss

._user_heap_stack
                0x000000002000001c      0x604 load address 0x00000000080009e0
                0x0000000020000020                . = ALIGN (0x8)
 *fill*         0x000000002000001c        0x4 
                [!provide]                        PROVIDE (end = .)
                0x0000000020000020                PROVIDE (_end = .)
                0x0000000020000220                . = (. + _Min_Heap_Size)
 *fill*         0x0000000020000020      0x200 
                0x0000000020000620                . = (. + _Min_Stack_Size)
 *fill*         0x0000000020000220      0x400 
                0x0000000020000620                . = ALIGN (0x8)

/DISCARD/
 libc.a(*)
 libm.a(*)
 libgcc.a(*)

.ARM.attributes
                0x0000000000000000       0x30
 *(.ARM.attributes)
 .ARM.attributes
                0x0000000000000000       0x1e c:/st/stm32cubeide_1.8.0/stm32cubeide/plugins/com.st.stm32cube.ide.mcu.externaltools.gnu-tools-for-stm32.9-2020-q2-update.win32_2.0.0.202105311346/tools/bin/../lib/gcc/arm-none-eabi/9.3.1/thumb/v7e-m+fp/hard/crti.o
 .ARM.attributes
                0x000000000000001e       0x34 c:/st/stm32cubeide_1.8.0/stm32cubeide/plugins/com.st.stm32cube.ide.mcu.externaltools.gnu-tools-for-stm32.9-2020-q2-update.win32_2.0.0.202105311346/tools/bin/../lib/gcc/arm-none-eabi/9.3.1/thumb/v7e-m+fp/hard/crtbegin.o
 .ARM.attributes
                0x0000000000000052       0x34 ./Src/led_extbutton.o
 .ARM.attributes
                0x0000000000000086       0x21 ./Startup/startup_stm32f411ceux.o
 .ARM.attributes
                0x00000000000000a7       0x34 ./drivers/Src/stm32f411ceu6_gpio.o
 .ARM.attributes
                0x00000000000000db       0x34 c:/st/stm32cubeide_1.8.0/stm32cubeide/plugins/com.st.stm32cube.ide.mcu.externaltools.gnu-tools-for-stm32.9-2020-q2-update.win32_2.0.0.202105311346/tools/bin/../lib/gcc/arm-none-eabi/9.3.1/../../../../arm-none-eabi/lib/thumb/v7e-m+fp/hard\libc_nano.a(lib_a-init.o)
 .ARM.attributes
                0x000000000000010f       0x34 c:/st/stm32cubeide_1.8.0/stm32cubeide/plugins/com.st.stm32cube.ide.mcu.externaltools.gnu-tools-for-stm32.9-2020-q2-update.win32_2.0.0.202105311346/tools/bin/../lib/gcc/arm-none-eabi/9.3.1/../../../../arm-none-eabi/lib/thumb/v7e-m+fp/hard\libc_nano.a(lib_a-memset.o)
 .ARM.attributes
                0x0000000000000143       0x1e c:/st/stm32cubeide_1.8.0/stm32cubeide/plugins/com.st.stm32cube.ide.mcu.externaltools.gnu-tools-for-stm32.9-2020-q2-update.win32_2.0.0.202105311346/tools/bin/../lib/gcc/arm-none-eabi/9.3.1/thumb/v7e-m+fp/hard/crtn.o
OUTPUT(stm32f411ceu6_driver.elf elf32-littlearm)
LOAD linker stubs
LOAD c:/st/stm32cubeide_1.8.0/stm32cubeide/plugins/com.st.stm32cube.ide.mcu.externaltools.gnu-tools-for-stm32.9-2020-q2-update.win32_2.0.0.202105311346/tools/bin/../lib/gcc/arm-none-eabi/9.3.1/../../../../arm-none-eabi/lib/thumb/v7e-m+fp/hard\libc.a
LOAD c:/st/stm32cubeide_1.8.0/stm32cubeide/plugins/com.st.stm32cube.ide.mcu.externaltools.gnu-tools-for-stm32.9-2020-q2-update.win32_2.0.0.202105311346/tools/bin/../lib/gcc/arm-none-eabi/9.3.1/../../../../arm-none-eabi/lib/thumb/v7e-m+fp/hard\libm.a
LOAD c:/st/stm32cubeide_1.8.0/stm32cubeide/plugins/com.st.stm32cube.ide.mcu.externaltools.gnu-tools-for-stm32.9-2020-q2-update.win32_2.0.0.202105311346/tools/bin/../lib/gcc/arm-none-eabi/9.3.1/thumb/v7e-m+fp/hard\libgcc.a

.debug_info     0x0000000000000000     0x12db
 .debug_info    0x0000000000000000      0xafd ./Src/led_extbutton.o
 .debug_info    0x0000000000000afd       0x22 ./Startup/startup_stm32f411ceux.o
 .debug_info    0x0000000000000b1f      0x7bc ./drivers/Src/stm32f411ceu6_gpio.o

.debug_abbrev   0x0000000000000000      0x370
 .debug_abbrev  0x0000000000000000      0x1eb ./Src/led_extbutton.o
 .debug_abbrev  0x00000000000001eb       0x12 ./Startup/startup_stm32f411ceux.o
 .debug_abbrev  0x00000000000001fd      0x173 ./drivers/Src/stm32f411ceu6_gpio.o

.debug_aranges  0x0000000000000000       0xc8
 .debug_aranges
                0x0000000000000000       0x30 ./Src/led_extbutton.o
 .debug_aranges
                0x0000000000000030       0x28 ./Startup/startup_stm32f411ceux.o
 .debug_aranges
                0x0000000000000058       0x70 ./drivers/Src/stm32f411ceu6_gpio.o

.debug_ranges   0x0000000000000000       0xa0
 .debug_ranges  0x0000000000000000       0x20 ./Src/led_extbutton.o
 .debug_ranges  0x0000000000000020       0x20 ./Startup/startup_stm32f411ceux.o
 .debug_ranges  0x0000000000000040       0x60 ./drivers/Src/stm32f411ceu6_gpio.o

.debug_macro    0x0000000000000000     0x2557
 .debug_macro   0x0000000000000000      0x18c ./Src/led_extbutton.o
 .debug_macro   0x000000000000018c      0xaae ./Src/led_extbutton.o
 .debug_macro   0x0000000000000c3a       0x22 ./Src/led_extbutton.o
 .debug_macro   0x0000000000000c5c       0x4c ./Src/led_extbutton.o
 .debug_macro   0x0000000000000ca8       0x18 ./Src/led_extbutton.o
 .debug_macro   0x0000000000000cc0       0x94 ./Src/led_extbutton.o
 .debug_macro   0x0000000000000d54       0x3c ./Src/led_extbutton.o
 .debug_macro   0x0000000000000d90       0x34 ./Src/led_extbutton.o
 .debug_macro   0x0000000000000dc4      0x174 ./Src/led_extbutton.o
 .debug_macro   0x0000000000000f38       0x16 ./Src/led_extbutton.o
 .debug_macro   0x0000000000000f4e       0x43 ./Src/led_extbutton.o
 .debug_macro   0x0000000000000f91       0x57 ./Src/led_extbutton.o
 .debug_macro   0x0000000000000fe8       0x34 ./Src/led_extbutton.o
 .debug_macro   0x000000000000101c       0x10 ./Src/led_extbutton.o
 .debug_macro   0x000000000000102c       0x58 ./Src/led_extbutton.o
 .debug_macro   0x0000000000001084       0x71 ./Src/led_extbutton.o
 .debug_macro   0x00000000000010f5       0x1c ./Src/led_extbutton.o
 .debug_macro   0x0000000000001111      0x12a ./Src/led_extbutton.o
 .debug_macro   0x000000000000123b      0x339 ./Src/led_extbutton.o
 .debug_macro   0x0000000000001574       0x10 ./Src/led_extbutton.o
 .debug_macro   0x0000000000001584       0x35 ./Src/led_extbutton.o
 .debug_macro   0x00000000000015b9       0x20 ./Src/led_extbutton.o
 .debug_macro   0x00000000000015d9      0x103 ./Src/led_extbutton.o
 .debug_macro   0x00000000000016dc       0x6a ./Src/led_extbutton.o
 .debug_macro   0x0000000000001746      0x1df ./Src/led_extbutton.o
 .debug_macro   0x0000000000001925      0x674 ./Src/led_extbutton.o
 .debug_macro   0x0000000000001f99       0xc4 ./Src/led_extbutton.o
 .debug_macro   0x000000000000205d       0xc4 ./Src/led_extbutton.o
 .debug_macro   0x0000000000002121       0xd6 ./Src/led_extbutton.o
 .debug_macro   0x00000000000021f7      0x107 ./Src/led_extbutton.o
 .debug_macro   0x00000000000022fe       0xbc ./drivers/Src/stm32f411ceu6_gpio.o
 .debug_macro   0x00000000000023ba       0x8e ./drivers/Src/stm32f411ceu6_gpio.o
 .debug_macro   0x0000000000002448       0x51 ./drivers/Src/stm32f411ceu6_gpio.o
 .debug_macro   0x0000000000002499       0xbe ./drivers/Src/stm32f411ceu6_gpio.o

.debug_line     0x0000000000000000     0x1010
 .debug_line    0x0000000000000000      0x624 ./Src/led_extbutton.o
 .debug_line    0x0000000000000624       0x84 ./Startup/startup_stm32f411ceux.o
 .debug_line    0x00000000000006a8      0x968 ./drivers/Src/stm32f411ceu6_gpio.o

.debug_str      0x0000000000000000     0x9b53
 .debug_str     0x0000000000000000     0x9851 ./Src/led_extbutton.o
                                       0x9ad3 (size before relaxing)
 .debug_str     0x0000000000009851       0x31 ./Startup/startup_stm32f411ceux.o
                                         0x5a (size before relaxing)
 .debug_str     0x0000000000009882      0x2d1 ./drivers/Src/stm32f411ceu6_gpio.o
                                       0x6b21 (size before relaxing)

.comment        0x0000000000000000       0x53
 .comment       0x0000000000000000       0x53 ./Src/led_extbutton.o
                                         0x54 (size before relaxing)
 .comment       0x0000000000000053       0x54 ./drivers/Src/stm32f411ceu6_gpio.o

.debug_frame    0x0000000000000000      0x288
 .debug_frame   0x0000000000000000       0x74 ./Src/led_extbutton.o
 .debug_frame   0x0000000000000074      0x1c8 ./drivers/Src/stm32f411ceu6_gpio.o
 .debug_frame   0x000000000000023c       0x2c c:/st/stm32cubeide_1.8.0/stm32cubeide/plugins/com.st.stm32cube.ide.mcu.externaltools.gnu-tools-for-stm32.9-2020-q2-update.win32_2.0.0.202105311346/tools/bin/../lib/gcc/arm-none-eabi/9.3.1/../../../../arm-none-eabi/lib/thumb/v7e-m+fp/hard\libc_nano.a(lib_a-init.o)
 .debug_frame   0x0000000000000268       0x20 c:/st/stm32cubeide_1.8.0/stm32cubeide/plugins/com.st.stm32cube.ide.mcu.externaltools.gnu-tools-for-stm32.9-2020-q2-update.win32_2.0.0.202105311346/tools/bin/../lib/gcc/arm-none-eabi/9.3.1/../../../../arm-none-eabi/lib/thumb/v7e-m+fp/hard\libc_nano.a(lib_a-memset.o)
